
*** Running vivado
    with args -log top.vds -m64 -product Vivado -mode batch -messageDb vivado.pb -notrace -source top.tcl



****** Vivado v2025.2 (64-bit)
  **** SW Build 6299465 on Fri Nov 14 19:35:11 GMT 2025
  **** IP Build 6300035 on Fri Nov 14 10:48:45 MST 2025
  **** SharedData Build 6298862 on Thu Nov 13 04:50:51 MST 2025
  **** Start of session at: Wed Jun 17 03:25:34 2026
    ** Copyright 1986-2022 Xilinx, Inc. All Rights Reserved.
    ** Copyright 2022-2025 Advanced Micro Devices, Inc. All Rights Reserved.

source top.tcl -notrace
INFO: [IP_Flow 19-234] Refreshing IP repositories
INFO: [IP_Flow 19-1704] No user IP repositories specified
INFO: [IP_Flow 19-2313] Loaded Vivado IP repository 'C:/AMDDesignTools/2025.2/Vivado/data/ip'.
Command: read_checkpoint -auto_incremental -incremental {D:/RESPALDO DISCO C PRE RESET/Vivado/project_procom_1_leds/project_procom_1_leds.srcs/utils_1/imports/synth_1/top.dcp}
INFO: [Vivado 12-5825] Read reference checkpoint from D:/RESPALDO DISCO C PRE RESET/Vivado/project_procom_1_leds/project_procom_1_leds.srcs/utils_1/imports/synth_1/top.dcp for incremental synthesis
INFO: [Vivado 12-7989] Please ensure there are no constraint changes
Command: synth_design -top top -part xc7a35ticsg324-1L
Starting synth_design
Attempting to get a license for feature 'Synthesis' and/or device 'xc7a35ti'
INFO: [Common 17-349] Got license for feature 'Synthesis' and/or device 'xc7a35ti'
INFO: [Device 21-403] Loading part xc7a35ticsg324-1L
INFO: [Designutils 20-5440] No compile time benefit to using incremental synthesis; A full resynthesis will be run
INFO: [Designutils 20-4379] Flow is switching to default flow due to incremental criteria not met. If you would like to alter this behaviour and have the flow terminate instead, please set the following parameter config_implementation {autoIncr.Synth.RejectBehavior Terminate}
INFO: [Synth 8-7079] Multithreading enabled for synth_design using a maximum of 2 processes.
INFO: [Synth 8-7078] Launching helper process for spawning children vivado processes
INFO: [Synth 8-7075] Helper process launched with PID 18096
---------------------------------------------------------------------------------
Starting RTL Elaboration : Time (s): cpu = 00:00:11 ; elapsed = 00:00:11 . Memory (MB): peak = 1323.629 ; gain = 541.766
---------------------------------------------------------------------------------
INFO: [Synth 8-11241] undeclared symbol 'connect_valid', assumed default net type 'wire' [D:/RESPALDO DISCO C PRE RESET/Vivado/project_procom_1_leds/project_procom_1_leds.srcs/sources_1/new/top.v:61]
INFO: [Synth 8-11241] undeclared symbol 'connect_leds', assumed default net type 'wire' [D:/RESPALDO DISCO C PRE RESET/Vivado/project_procom_1_leds/project_procom_1_leds.srcs/sources_1/new/top.v:73]
INFO: [Synth 8-11241] undeclared symbol 'w_led', assumed default net type 'wire' [D:/RESPALDO DISCO C PRE RESET/Vivado/project_procom_1_leds/project_procom_1_leds.srcs/sources_1/new/top.v:82]
INFO: [Synth 8-11241] undeclared symbol 'w_led_b', assumed default net type 'wire' [D:/RESPALDO DISCO C PRE RESET/Vivado/project_procom_1_leds/project_procom_1_leds.srcs/sources_1/new/top.v:83]
INFO: [Synth 8-11241] undeclared symbol 'w_led_g', assumed default net type 'wire' [D:/RESPALDO DISCO C PRE RESET/Vivado/project_procom_1_leds/project_procom_1_leds.srcs/sources_1/new/top.v:84]
WARNING: [Synth 8-8895] 'connect_leds' is already implicitly declared on line 73 [D:/RESPALDO DISCO C PRE RESET/Vivado/project_procom_1_leds/project_procom_1_leds.srcs/sources_1/new/top.v:101]
WARNING: [Synth 8-8895] 'connect_valid' is already implicitly declared on line 61 [D:/RESPALDO DISCO C PRE RESET/Vivado/project_procom_1_leds/project_procom_1_leds.srcs/sources_1/new/top.v:102]
WARNING: [Synth 8-8895] 'w_led' is already implicitly declared on line 82 [D:/RESPALDO DISCO C PRE RESET/Vivado/project_procom_1_leds/project_procom_1_leds.srcs/sources_1/new/top.v:104]
WARNING: [Synth 8-8895] 'w_led_b' is already implicitly declared on line 83 [D:/RESPALDO DISCO C PRE RESET/Vivado/project_procom_1_leds/project_procom_1_leds.srcs/sources_1/new/top.v:105]
WARNING: [Synth 8-8895] 'w_led_g' is already implicitly declared on line 84 [D:/RESPALDO DISCO C PRE RESET/Vivado/project_procom_1_leds/project_procom_1_leds.srcs/sources_1/new/top.v:106]
INFO: [Synth 8-6157] synthesizing module 'top' [D:/RESPALDO DISCO C PRE RESET/Vivado/project_procom_1_leds/project_procom_1_leds.srcs/sources_1/new/top.v:23]
INFO: [Synth 8-6157] synthesizing module 'count' [D:/RESPALDO DISCO C PRE RESET/Vivado/project_procom_1_leds/project_procom_1_leds.srcs/sources_1/new/count.v:23]
	Parameter NB_SW bound to: 3 - type: integer 
	Parameter NB_COUNTER bound to: 32 - type: integer 
INFO: [Synth 8-6155] done synthesizing module 'count' (0#1) [D:/RESPALDO DISCO C PRE RESET/Vivado/project_procom_1_leds/project_procom_1_leds.srcs/sources_1/new/count.v:23]
INFO: [Synth 8-6157] synthesizing module 'shiftreg' [D:/RESPALDO DISCO C PRE RESET/Vivado/project_procom_1_leds/project_procom_1_leds.srcs/sources_1/new/shiftreg.v:23]
	Parameter NB_LEDS bound to: 4 - type: integer 
INFO: [Synth 8-6155] done synthesizing module 'shiftreg' (0#1) [D:/RESPALDO DISCO C PRE RESET/Vivado/project_procom_1_leds/project_procom_1_leds.srcs/sources_1/new/shiftreg.v:23]
WARNING: [Synth 8-4446] all outputs are unconnected for this instance and logic may be removed [D:/RESPALDO DISCO C PRE RESET/Vivado/project_procom_1_leds/project_procom_1_leds.srcs/sources_1/new/top.v:80]
INFO: [Synth 8-6157] synthesizing module 'ila' [d:/RESPALDO DISCO C PRE RESET/Vivado/project_procom_1_leds/project_procom_1_leds.gen/sources_1/bd/ila/synth/ila.v:13]
WARNING: [Synth 8-4446] all outputs are unconnected for this instance and logic may be removed [d:/RESPALDO DISCO C PRE RESET/Vivado/project_procom_1_leds/project_procom_1_leds.gen/sources_1/bd/ila/synth/ila.v:29]
INFO: [Synth 8-6157] synthesizing module 'ila_ila_0_0' [D:/RESPALDO DISCO C PRE RESET/Vivado/project_procom_1_leds/project_procom_1_leds.runs/synth_1/.Xil/Vivado-12408-DESKTOP-K1QLFKS/realtime/ila_ila_0_0_stub.v:6]
INFO: [Synth 8-6155] done synthesizing module 'ila_ila_0_0' (0#1) [D:/RESPALDO DISCO C PRE RESET/Vivado/project_procom_1_leds/project_procom_1_leds.runs/synth_1/.Xil/Vivado-12408-DESKTOP-K1QLFKS/realtime/ila_ila_0_0_stub.v:6]
INFO: [Synth 8-6155] done synthesizing module 'ila' (0#1) [d:/RESPALDO DISCO C PRE RESET/Vivado/project_procom_1_leds/project_procom_1_leds.gen/sources_1/bd/ila/synth/ila.v:13]
INFO: [Synth 8-6157] synthesizing module 'vio' [d:/RESPALDO DISCO C PRE RESET/Vivado/project_procom_1_leds/project_procom_1_leds.gen/sources_1/bd/vio/synth/vio.v:13]
INFO: [Synth 8-6157] synthesizing module 'vio_vio_0_0' [D:/RESPALDO DISCO C PRE RESET/Vivado/project_procom_1_leds/project_procom_1_leds.runs/synth_1/.Xil/Vivado-12408-DESKTOP-K1QLFKS/realtime/vio_vio_0_0_stub.v:6]
INFO: [Synth 8-6155] done synthesizing module 'vio_vio_0_0' (0#1) [D:/RESPALDO DISCO C PRE RESET/Vivado/project_procom_1_leds/project_procom_1_leds.runs/synth_1/.Xil/Vivado-12408-DESKTOP-K1QLFKS/realtime/vio_vio_0_0_stub.v:6]
INFO: [Synth 8-6155] done synthesizing module 'vio' (0#1) [d:/RESPALDO DISCO C PRE RESET/Vivado/project_procom_1_leds/project_procom_1_leds.gen/sources_1/bd/vio/synth/vio.v:13]
INFO: [Synth 8-6155] done synthesizing module 'top' (0#1) [D:/RESPALDO DISCO C PRE RESET/Vivado/project_procom_1_leds/project_procom_1_leds.srcs/sources_1/new/top.v:23]
INFO: [Synth 8-6071] Mark debug on the nets applies keep_hierarchy on instance 'u_ila'. This will prevent further optimization [D:/RESPALDO DISCO C PRE RESET/Vivado/project_procom_1_leds/project_procom_1_leds.srcs/sources_1/new/top.v:80]
INFO: [Synth 8-6071] Mark debug on the nets applies keep_hierarchy on instance 'ila_0'. This will prevent further optimization [d:/RESPALDO DISCO C PRE RESET/Vivado/project_procom_1_leds/project_procom_1_leds.gen/sources_1/bd/ila/synth/ila.v:29]
INFO: [Synth 8-6071] Mark debug on the nets applies keep_hierarchy on instance 'vio_0'. This will prevent further optimization [d:/RESPALDO DISCO C PRE RESET/Vivado/project_procom_1_leds/project_procom_1_leds.gen/sources_1/bd/vio/synth/vio.v:45]
---------------------------------------------------------------------------------
Finished RTL Elaboration : Time (s): cpu = 00:00:16 ; elapsed = 00:00:17 . Memory (MB): peak = 1446.145 ; gain = 664.281
---------------------------------------------------------------------------------
---------------------------------------------------------------------------------
Start Handling Custom Attributes
---------------------------------------------------------------------------------
---------------------------------------------------------------------------------
Finished Handling Custom Attributes : Time (s): cpu = 00:00:16 ; elapsed = 00:00:17 . Memory (MB): peak = 1446.145 ; gain = 664.281
---------------------------------------------------------------------------------
---------------------------------------------------------------------------------
Finished RTL Optimization Phase 1 : Time (s): cpu = 00:00:16 ; elapsed = 00:00:17 . Memory (MB): peak = 1446.145 ; gain = 664.281
---------------------------------------------------------------------------------
Netlist sorting complete. Time (s): cpu = 00:00:00 ; elapsed = 00:00:00.009 . Memory (MB): peak = 1446.145 ; gain = 0.000
INFO: [Project 1-570] Preparing netlist for logic optimization

Processing XDC Constraints
Initializing timing engine
Parsing XDC File [d:/RESPALDO DISCO C PRE RESET/Vivado/project_procom_1_leds/project_procom_1_leds.gen/sources_1/bd/vio/ip/vio_vio_0_0/vio_vio_0_0/vio_vio_0_0_in_context.xdc] for cell 'u_vio/vio_0'
Finished Parsing XDC File [d:/RESPALDO DISCO C PRE RESET/Vivado/project_procom_1_leds/project_procom_1_leds.gen/sources_1/bd/vio/ip/vio_vio_0_0/vio_vio_0_0/vio_vio_0_0_in_context.xdc] for cell 'u_vio/vio_0'
Parsing XDC File [d:/RESPALDO DISCO C PRE RESET/Vivado/project_procom_1_leds/project_procom_1_leds.gen/sources_1/bd/ila/ip/ila_ila_0_0/ila_ila_0_0/ila_ila_0_0_in_context.xdc] for cell 'u_ila/ila_0'
Finished Parsing XDC File [d:/RESPALDO DISCO C PRE RESET/Vivado/project_procom_1_leds/project_procom_1_leds.gen/sources_1/bd/ila/ip/ila_ila_0_0/ila_ila_0_0/ila_ila_0_0_in_context.xdc] for cell 'u_ila/ila_0'
Parsing XDC File [D:/RESPALDO DISCO C PRE RESET/Vivado/project_procom_1_leds/project_procom_1_leds.srcs/constrs_1/imports/lab_verilog/Arty_Master_v2.xdc]
Finished Parsing XDC File [D:/RESPALDO DISCO C PRE RESET/Vivado/project_procom_1_leds/project_procom_1_leds.srcs/constrs_1/imports/lab_verilog/Arty_Master_v2.xdc]
INFO: [Project 1-236] Implementation specific constraints were found while reading constraint file [D:/RESPALDO DISCO C PRE RESET/Vivado/project_procom_1_leds/project_procom_1_leds.srcs/constrs_1/imports/lab_verilog/Arty_Master_v2.xdc]. These constraints will be ignored for synthesis but will be used in implementation. Impacted constraints are listed in the file [.Xil/top_propImpl.xdc].
Resolution: To avoid this warning, move constraints listed in [.Xil/top_propImpl.xdc] to another XDC file and exclude this new file from synthesis with the used_in_synthesis property (File Properties dialog in GUI) and re-run elaboration/synthesis.
Parsing XDC File [D:/RESPALDO DISCO C PRE RESET/Vivado/project_procom_1_leds/project_procom_1_leds.runs/synth_1/dont_touch.xdc]
Finished Parsing XDC File [D:/RESPALDO DISCO C PRE RESET/Vivado/project_procom_1_leds/project_procom_1_leds.runs/synth_1/dont_touch.xdc]
Completed Processing XDC Constraints

Netlist sorting complete. Time (s): cpu = 00:00:00 ; elapsed = 00:00:00 . Memory (MB): peak = 1506.387 ; gain = 0.000
INFO: [Project 1-111] Unisim Transformation Summary:
No Unisim elements were transformed.

Constraint Validation Runtime : Time (s): cpu = 00:00:00 ; elapsed = 00:00:00.018 . Memory (MB): peak = 1506.387 ; gain = 0.000
INFO: [Designutils 20-5440] No compile time benefit to using incremental synthesis; A full resynthesis will be run
INFO: [Designutils 20-4379] Flow is switching to default flow due to incremental criteria not met. If you would like to alter this behaviour and have the flow terminate instead, please set the following parameter config_implementation {autoIncr.Synth.RejectBehavior Terminate}
---------------------------------------------------------------------------------
Finished Constraint Validation : Time (s): cpu = 00:00:28 ; elapsed = 00:00:30 . Memory (MB): peak = 1506.387 ; gain = 724.523
---------------------------------------------------------------------------------
---------------------------------------------------------------------------------
Start Loading Part and Timing Information
---------------------------------------------------------------------------------
Loading part: xc7a35ticsg324-1L
---------------------------------------------------------------------------------
Finished Loading Part and Timing Information : Time (s): cpu = 00:00:28 ; elapsed = 00:00:30 . Memory (MB): peak = 1506.387 ; gain = 724.523
---------------------------------------------------------------------------------
---------------------------------------------------------------------------------
Start Applying 'set_property' XDC Constraints
---------------------------------------------------------------------------------
---------------------------------------------------------------------------------
Finished applying 'set_property' XDC Constraints : Time (s): cpu = 00:00:28 ; elapsed = 00:00:30 . Memory (MB): peak = 1506.387 ; gain = 724.523
---------------------------------------------------------------------------------
---------------------------------------------------------------------------------
Finished RTL Optimization Phase 2 : Time (s): cpu = 00:00:28 ; elapsed = 00:00:30 . Memory (MB): peak = 1506.387 ; gain = 724.523
---------------------------------------------------------------------------------
---------------------------------------------------------------------------------
Start RTL Component Statistics 
---------------------------------------------------------------------------------
Detailed RTL Component Info : 
+---Registers : 
	                4 Bit    Registers := 1     
	                1 Bit    Registers := 1     
+---Muxes : 
	   2 Input   32 Bit        Muxes := 1     
	   2 Input   22 Bit        Muxes := 1     
	   2 Input   21 Bit        Muxes := 1     
	   2 Input    4 Bit        Muxes := 1     
	   2 Input    1 Bit        Muxes := 2     
---------------------------------------------------------------------------------
Finished RTL Component Statistics 
---------------------------------------------------------------------------------
---------------------------------------------------------------------------------
Start Part Resource Summary
---------------------------------------------------------------------------------
Part Resources:
DSPs: 90 (col length:60)
BRAMs: 100 (col length: RAMB18 60 RAMB36 30)
---------------------------------------------------------------------------------
Finished Part Resource Summary
---------------------------------------------------------------------------------
---------------------------------------------------------------------------------
Start Cross Boundary and Area Optimization
---------------------------------------------------------------------------------
---------------------------------------------------------------------------------
Finished Cross Boundary and Area Optimization : Time (s): cpu = 00:00:31 ; elapsed = 00:00:34 . Memory (MB): peak = 1506.387 ; gain = 724.523
---------------------------------------------------------------------------------
---------------------------------------------------------------------------------
Start Applying XDC Timing Constraints
---------------------------------------------------------------------------------
---------------------------------------------------------------------------------
Finished Applying XDC Timing Constraints : Time (s): cpu = 00:00:39 ; elapsed = 00:00:42 . Memory (MB): peak = 1634.676 ; gain = 852.812
---------------------------------------------------------------------------------
---------------------------------------------------------------------------------
Start Timing Optimization
---------------------------------------------------------------------------------
---------------------------------------------------------------------------------
Finished Timing Optimization : Time (s): cpu = 00:00:39 ; elapsed = 00:00:42 . Memory (MB): peak = 1654.531 ; gain = 872.668
---------------------------------------------------------------------------------
---------------------------------------------------------------------------------
Start Technology Mapping
---------------------------------------------------------------------------------
---------------------------------------------------------------------------------
Finished Technology Mapping : Time (s): cpu = 00:00:39 ; elapsed = 00:00:42 . Memory (MB): peak = 1654.531 ; gain = 872.668
---------------------------------------------------------------------------------
---------------------------------------------------------------------------------
Start IO Insertion
---------------------------------------------------------------------------------
---------------------------------------------------------------------------------
Start Flattening Before IO Insertion
---------------------------------------------------------------------------------
---------------------------------------------------------------------------------
Finished Flattening Before IO Insertion
---------------------------------------------------------------------------------
---------------------------------------------------------------------------------
Start Final Netlist Cleanup
---------------------------------------------------------------------------------
---------------------------------------------------------------------------------
Finished Final Netlist Cleanup
---------------------------------------------------------------------------------
---------------------------------------------------------------------------------
Finished IO Insertion : Time (s): cpu = 00:00:47 ; elapsed = 00:00:49 . Memory (MB): peak = 1894.258 ; gain = 1112.395
---------------------------------------------------------------------------------
---------------------------------------------------------------------------------
Start Renaming Generated Instances
---------------------------------------------------------------------------------
---------------------------------------------------------------------------------
Finished Renaming Generated Instances : Time (s): cpu = 00:00:47 ; elapsed = 00:00:49 . Memory (MB): peak = 1894.258 ; gain = 1112.395
---------------------------------------------------------------------------------
---------------------------------------------------------------------------------
Start Rebuilding User Hierarchy
---------------------------------------------------------------------------------
---------------------------------------------------------------------------------
Finished Rebuilding User Hierarchy : Time (s): cpu = 00:00:47 ; elapsed = 00:00:49 . Memory (MB): peak = 1894.258 ; gain = 1112.395
---------------------------------------------------------------------------------
---------------------------------------------------------------------------------
Start Renaming Generated Ports
---------------------------------------------------------------------------------
---------------------------------------------------------------------------------
Finished Renaming Generated Ports : Time (s): cpu = 00:00:47 ; elapsed = 00:00:50 . Memory (MB): peak = 1894.258 ; gain = 1112.395
---------------------------------------------------------------------------------
---------------------------------------------------------------------------------
Start Handling Custom Attributes
---------------------------------------------------------------------------------
---------------------------------------------------------------------------------
Finished Handling Custom Attributes : Time (s): cpu = 00:00:47 ; elapsed = 00:00:50 . Memory (MB): peak = 1894.258 ; gain = 1112.395
---------------------------------------------------------------------------------
---------------------------------------------------------------------------------
Start Renaming Generated Nets
---------------------------------------------------------------------------------
---------------------------------------------------------------------------------
Finished Renaming Generated Nets : Time (s): cpu = 00:00:47 ; elapsed = 00:00:50 . Memory (MB): peak = 1894.258 ; gain = 1112.395
---------------------------------------------------------------------------------
---------------------------------------------------------------------------------
Start Writing Synthesis Report
---------------------------------------------------------------------------------

Report BlackBoxes: 
+------+--------------+----------+
|      |BlackBox name |Instances |
+------+--------------+----------+
|1     |ila_ila_0_0   |         1|
|2     |vio_vio_0_0   |         1|
+------+--------------+----------+

Report Cell Usage: 
+------+----------+------+
|      |Cell      |Count |
+------+----------+------+
|1     |ila_ila_0 |     1|
|2     |vio_vio_0 |     1|
|3     |BUFG      |     1|
|4     |CARRY4    |    12|
|5     |LUT1      |     1|
|6     |LUT2      |    19|
|7     |LUT3      |     3|
|8     |LUT4      |     8|
|9     |LUT6      |     6|
|10    |FDRE      |    36|
|11    |FDSE      |     1|
|12    |IBUF      |     6|
|13    |OBUF      |    12|
+------+----------+------+
---------------------------------------------------------------------------------
Finished Writing Synthesis Report : Time (s): cpu = 00:00:47 ; elapsed = 00:00:50 . Memory (MB): peak = 1894.258 ; gain = 1112.395
---------------------------------------------------------------------------------
Synthesis finished with 0 errors, 0 critical warnings and 0 warnings.
Synthesis Optimization Runtime : Time (s): cpu = 00:00:28 ; elapsed = 00:00:46 . Memory (MB): peak = 1894.258 ; gain = 1052.152
Synthesis Optimization Complete : Time (s): cpu = 00:00:47 ; elapsed = 00:00:50 . Memory (MB): peak = 1894.258 ; gain = 1112.395
INFO: [Project 1-571] Translating synthesized netlist
Netlist sorting complete. Time (s): cpu = 00:00:00 ; elapsed = 00:00:00.001 . Memory (MB): peak = 1903.406 ; gain = 0.000
INFO: [Netlist 29-17] Analyzing 12 Unisim elements for replacement
INFO: [Netlist 29-28] Unisim Transformation completed in 0 CPU seconds
INFO: [Project 1-570] Preparing netlist for logic optimization
INFO: [Opt 31-138] Pushed 0 inverter(s) to 0 load pin(s).
Netlist sorting complete. Time (s): cpu = 00:00:00 ; elapsed = 00:00:00 . Memory (MB): peak = 1907.137 ; gain = 0.000
INFO: [Project 1-111] Unisim Transformation Summary:
No Unisim elements were transformed.

Synth Design complete | Checksum: bca141bb
INFO: [Common 17-83] Releasing license: Synthesis
46 Infos, 7 Warnings, 0 Critical Warnings and 0 Errors encountered.
synth_design completed successfully
INFO: [Common 17-600] The following parameters have non-default value.
tcl.statsThreshold
Write ShapeDB Complete: Time (s): cpu = 00:00:00 ; elapsed = 00:00:00.019 . Memory (MB): peak = 1907.137 ; gain = 0.000
INFO: [Common 17-1381] The checkpoint 'D:/RESPALDO DISCO C PRE RESET/Vivado/project_procom_1_leds/project_procom_1_leds.runs/synth_1/top.dcp' has been generated.
INFO: [Vivado 12-24828] Executing command : report_utilization -file top_utilization_synth.rpt -pb top_utilization_synth.pb
INFO: [Common 17-206] Exiting Vivado at Wed Jun 17 03:26:58 2026...
